user@DESKTOP-M5FOEE3 MINGW64 ~
$ git --version
git version 2.40.1.windows.1

user@DESKTOP-M5FOEE3 MINGW64 ~
$ git config --global --list
user.name=Aryan2311
user.email=aryanaggarwal2311@gmail.com

user@DESKTOP-M5FOEE3 MINGW64 ~
$ ls
'3D Objects'/
 AppData/
'Application Data'@
 Contacts/
 Cookies@
 Desktop/
 Documents/
 Downloads/
 Favorites/
 Jedi/
 Links/
'Local Settings'@
 Music/
'My Documents'@
 NTUSER.DAT
 NTUSER.DAT{53b39e88-18c4-11ea-a811-000d3aa4692b}.TM.blf
 NTUSER.DAT{53b39e88-18c4-11ea-a811-000d3aa4692b}.TMContainer00000000000000000001.regtrans-ms
 NTUSER.DAT{53b39e88-18c4-11ea-a811-000d3aa4692b}.TMContainer00000000000000000002.regtrans-ms
 NetHood@
 OneDrive/
 Pandas/
 Pictures/
 PrintHood@
 Recent@
'Saved Games'/
 Searches/
 SendTo@
'Start Menu'@
 Templates@
 Videos/
 day1.sh
 learning_ml/
 ntuser.dat.LOG1
 ntuser.dat.LOG2
 ntuser.ini
 projects/
 python1.ipynb

user@DESKTOP-M5FOEE3 MINGW64 ~
$ cd learning_ml

user@DESKTOP-M5FOEE3 MINGW64 ~/learning_ml (main)
$ ls
 GIT.pdf
'LINUX SHELL SCRIPTING SUMMARY.pdf'
 Python_Code/
 README.md
'ROLE OF EMR IN PERSONALISED MEDICINE WITH AI.pdf'
'Summary of python course.pdf'

user@DESKTOP-M5FOEE3 MINGW64 ~/learning_ml (main)
$ git status
On branch main
Your branch is up to date with 'origin/main'.

nothing to commit, working tree clean

user@DESKTOP-M5FOEE3 MINGW64 ~/learning_ml (main)
$ echo "Test Git Quickly Start Demo" >> start.txt

user@DESKTOP-M5FOEE3 MINGW64 ~/learning_ml (main)
$ ls
 GIT.pdf
'LINUX SHELL SCRIPTING SUMMARY.pdf'
 Python_Code/
 README.md
'ROLE OF EMR IN PERSONALISED MEDICINE WITH AI.pdf'
'Summary of python course.pdf'
 start.txt

user@DESKTOP-M5FOEE3 MINGW64 ~/learning_ml (main)
$ git status
On branch main
Your branch is up to date with 'origin/main'.

Untracked files:
  (use "git add <file>..." to include in what will be committed)
        start.txt

nothing added to commit but untracked files present (use "git add" to track)

user@DESKTOP-M5FOEE3 MINGW64 ~/learning_ml (main)
$ git add start.txt

user@DESKTOP-M5FOEE3 MINGW64 ~/learning_ml (main)
$ git status
On branch main
Your branch is up to date with 'origin/main'.

Changes to be committed:
  (use "git restore --staged <file>..." to unstage)
        new file:   start.txt


user@DESKTOP-M5FOEE3 MINGW64 ~/learning_ml (main)
$ git commit -m "Adding start text file"
[main d24b735] Adding start text file
 1 file changed, 1 insertion(+)
 create mode 100644 start.txt

user@DESKTOP-M5FOEE3 MINGW64 ~/learning_ml (main)
$ git status
On branch main
Your branch is ahead of 'origin/main' by 1 commit.
  (use "git push" to publish your local commits)

nothing to commit, working tree clean

user@DESKTOP-M5FOEE3 MINGW64 ~/learning_ml (main)
$ git push origin main
Enumerating objects: 4, done.
Counting objects: 100% (4/4), done.
Delta compression using up to 2 threads
Compressing objects: 100% (2/2), done.
Writing objects: 100% (3/3), 308 bytes | 44.00 KiB/s, done.
Total 3 (delta 1), reused 0 (delta 0), pack-reused 0
remote: Resolving deltas: 100% (1/1), completed with 1 local object.
To https://github.com/Aryan2311/learning_ml.git
   72b096c..d24b735  main -> main

user@DESKTOP-M5FOEE3 MINGW64 ~/learning_ml (main)
$
